// Jest Snapshot v1, https://goo.gl/fbAQLP

exports[`<PostCard /> should mathc snapshot 1`] = `
<div
  class="post"
>
  <div
    class="post-thumbnail"
  >
    <img
      alt="title1"
      class="post-img"
      src="img/img.png"
    />
  </div>
  <div
    class="post-content"
  >
    <h1>
      title1
    </h1>
    <p>
      body1
    </p>
  </div>
</div>
`;
